[
    {
        "orderId": "1",
        "multiCollo": false,
        "updated": "2099-01-01 00:00:00",
        "id": 10000,
        "referenceIdentifier": "1",
        "barcode": "",
        "carrier": {
            "id": 1,
            "name": "postnl",
            "human": "PostNL",
            "enabled": false,
            "isDefault": true,
            "optional": false,
            "primary": false,
            "type": "main"
        },
        "customsDeclaration": {
            "contents": 1,
            "items": [],
            "weight": 0
        },
        "delayed": false,
        "delivered": false,
        "deliveryOptions": {
            "carrier": {
                "externalIdentifier": "postnl",
                "id": 1,
                "name": "postnl",
                "human": "PostNL",
                "enabled": false,
                "isDefault": true,
                "optional": false,
                "primary": false,
                "type": "main"
            },
            "labelAmount": 1,
            "shipmentOptions": {
                "insurance": -1,
                "ageCheck": -1,
                "hideSender": -1,
                "largeFormat": -1,
                "onlyRecipient": -1,
                "return": -1,
                "sameDayDelivery": -1,
                "signature": -1
            },
            "deliveryType": "standard",
            "packageType": "package"
        },
        "hidden": false,
        "isReturn": false,
        "partnerTrackTraces": [],
        "price": {
            "amount": 0,
            "currency": "EUR"
        },
        "recipient": [],
        "sender": [],
        "status": 0
    }
]
