{
    "externalIdentifier": "1",
    "deliveryOptions": {
        "carrier": {
            "id": 1,
            "name": "postnl",
            "human": "PostNL",
            "enabled": false,
            "isDefault": true,
            "optional": false,
            "primary": false,
            "type": "main"
        },
        "labelAmount": 1,
        "shipmentOptions": {
            "insurance": -1,
            "ageCheck": -1,
            "hideSender": -1,
            "largeFormat": -1,
            "onlyRecipient": -1,
            "return": -1,
            "sameDayDelivery": -1,
            "signature": -1
        },
        "deliveryType": "standard",
        "packageType": "package"
    },
    "billingAddress": {
        "person": " "
    },
    "shippingAddress": {
        "person": " "
    },
    "shipments": [],
    "customsDeclaration": {
        "contents": 1,
        "items": [],
        "weight": 0
    },
    "physicalProperties": {
        "weight": 0
    },
    "lines": [],
    "exported": false,
    "shipmentPrice": 0,
    "shipmentPriceAfterVat": 0,
    "shipmentVat": 0,
    "orderPrice": 0,
    "orderPriceAfterVat": 0,
    "orderVat": 0,
    "totalPrice": 0,
    "totalVat": 0,
    "totalPriceAfterVat": 0
}
