{
    "psCarriers": [
        {
            "zones": [
                {
                    "active": 1,
                    "name": "Europe",
                    "id": 1,
                    "id_zone": 1
                },
                {
                    "active": 1,
                    "name": "North America",
                    "id": 2,
                    "id_zone": 2
                }
            ],
            "name": "PostNL",
            "active": 1,
            "id_reference": 100,
            "deleted": 0,
            "is_module": true,
            "need_range": 1,
            "range_behavior": 1,
            "shipping_external": true,
            "shipping_method": 2,
            "id": 3,
            "id_carrier": 3,
            "rangeWeights": [
                {
                    "id_lang": null,
                    "id_shop": null,
                    "id_carrier": 3,
                    "delimiter1": "0",
                    "delimiter2": "10000",
                    "id": 5
                },
                {
                    "id_lang": null,
                    "id_shop": null,
                    "id_carrier": 3,
                    "delimiter1": "0",
                    "delimiter2": "10000",
                    "id": 8
                },
                {
                    "id_lang": null,
                    "id_shop": null,
                    "id_carrier": 3,
                    "delimiter1": "0",
                    "delimiter2": "10000",
                    "id": 10
                },
                {
                    "id_lang": null,
                    "id_shop": null,
                    "id_carrier": 3,
                    "delimiter1": "0",
                    "delimiter2": "10000",
                    "id": 20
                },
                {
                    "id_lang": null,
                    "id_shop": null,
                    "id_carrier": 3,
                    "delimiter1": "0",
                    "delimiter2": "10000",
                    "id": 26
                },
                {
                    "id_lang": null,
                    "id_shop": null,
                    "id_carrier": 3,
                    "delimiter1": "0",
                    "delimiter2": "10000",
                    "id": 32
                }
            ],
            "rangePrices": [
                {
                    "id_lang": null,
                    "id_shop": null,
                    "id_carrier": 3,
                    "delimiter1": "0",
                    "delimiter2": "10000",
                    "id": 4
                },
                {
                    "id_lang": null,
                    "id_shop": null,
                    "id_carrier": 3,
                    "delimiter1": "0",
                    "delimiter2": "10000",
                    "id": 7
                },
                {
                    "id_lang": null,
                    "id_shop": null,
                    "id_carrier": 3,
                    "delimiter1": "0",
                    "delimiter2": "10000",
                    "id": 9
                },
                {
                    "id_lang": null,
                    "id_shop": null,
                    "id_carrier": 3,
                    "delimiter1": "0",
                    "delimiter2": "10000",
                    "id": 19
                },
                {
                    "id_lang": null,
                    "id_shop": null,
                    "id_carrier": 3,
                    "delimiter1": "0",
                    "delimiter2": "10000",
                    "id": 25
                },
                {
                    "id_lang": null,
                    "id_shop": null,
                    "id_carrier": 3,
                    "delimiter1": "0",
                    "delimiter2": "10000",
                    "id": 31
                }
            ]
        },
        {
            "zones": [
                {
                    "active": 1,
                    "name": "Europe",
                    "id": 1,
                    "id_zone": 1
                },
                {
                    "active": 1,
                    "name": "North America",
                    "id": 2,
                    "id_zone": 2
                }
            ],
            "name": "DHL For You",
            "active": 1,
            "id_reference": 900,
            "deleted": 0,
            "is_module": true,
            "need_range": 1,
            "range_behavior": 1,
            "shipping_external": true,
            "shipping_method": 2,
            "id": 11,
            "id_carrier": 11,
            "rangeWeights": [
                {
                    "id_lang": null,
                    "id_shop": null,
                    "id_carrier": 11,
                    "delimiter1": "0",
                    "delimiter2": "10000",
                    "id": 13
                },
                {
                    "id_lang": null,
                    "id_shop": null,
                    "id_carrier": 11,
                    "delimiter1": "0",
                    "delimiter2": "10000",
                    "id": 22
                },
                {
                    "id_lang": null,
                    "id_shop": null,
                    "id_carrier": 11,
                    "delimiter1": "0",
                    "delimiter2": "10000",
                    "id": 28
                },
                {
                    "id_lang": null,
                    "id_shop": null,
                    "id_carrier": 11,
                    "delimiter1": "0",
                    "delimiter2": "10000",
                    "id": 34
                }
            ],
            "rangePrices": [
                {
                    "id_lang": null,
                    "id_shop": null,
                    "id_carrier": 11,
                    "delimiter1": "0",
                    "delimiter2": "10000",
                    "id": 12
                },
                {
                    "id_lang": null,
                    "id_shop": null,
                    "id_carrier": 11,
                    "delimiter1": "0",
                    "delimiter2": "10000",
                    "id": 21
                },
                {
                    "id_lang": null,
                    "id_shop": null,
                    "id_carrier": 11,
                    "delimiter1": "0",
                    "delimiter2": "10000",
                    "id": 27
                },
                {
                    "id_lang": null,
                    "id_shop": null,
                    "id_carrier": 11,
                    "delimiter1": "0",
                    "delimiter2": "10000",
                    "id": 33
                }
            ]
        },
        {
            "zones": [
                {
                    "active": 1,
                    "name": "Europe",
                    "id": 1,
                    "id_zone": 1
                },
                {
                    "active": 1,
                    "name": "North America",
                    "id": 2,
                    "id_zone": 2
                }
            ],
            "name": "DHL Europlus",
            "active": 1,
            "id_reference": 110,
            "deleted": 0,
            "is_module": true,
            "need_range": 1,
            "range_behavior": 1,
            "shipping_external": true,
            "shipping_method": 2,
            "id": 15,
            "id_carrier": 15,
            "rangeWeights": [
                {
                    "id_lang": null,
                    "id_shop": null,
                    "id_carrier": 15,
                    "delimiter1": "0",
                    "delimiter2": "10000",
                    "id": 17
                },
                {
                    "id_lang": null,
                    "id_shop": null,
                    "id_carrier": 15,
                    "delimiter1": "0",
                    "delimiter2": "10000",
                    "id": 24
                },
                {
                    "id_lang": null,
                    "id_shop": null,
                    "id_carrier": 15,
                    "delimiter1": "0",
                    "delimiter2": "10000",
                    "id": 30
                },
                {
                    "id_lang": null,
                    "id_shop": null,
                    "id_carrier": 15,
                    "delimiter1": "0",
                    "delimiter2": "10000",
                    "id": 36
                }
            ],
            "rangePrices": [
                {
                    "id_lang": null,
                    "id_shop": null,
                    "id_carrier": 15,
                    "delimiter1": "0",
                    "delimiter2": "10000",
                    "id": 16
                },
                {
                    "id_lang": null,
                    "id_shop": null,
                    "id_carrier": 15,
                    "delimiter1": "0",
                    "delimiter2": "10000",
                    "id": 23
                },
                {
                    "id_lang": null,
                    "id_shop": null,
                    "id_carrier": 15,
                    "delimiter1": "0",
                    "delimiter2": "10000",
                    "id": 29
                },
                {
                    "id_lang": null,
                    "id_shop": null,
                    "id_carrier": 15,
                    "delimiter1": "0",
                    "delimiter2": "10000",
                    "id": 35
                }
            ]
        }
    ],
    "carrierMappings": [
        {
            "idCarrier": 3,
            "myparcelCarrier": "postnl",
            "id": 6
        },
        {
            "idCarrier": 11,
            "myparcelCarrier": "dhlforyou",
            "id": 14
        },
        {
            "idCarrier": 15,
            "myparcelCarrier": "dhleuroplus",
            "id": 18
        }
    ]
}
