{
    "1": {
        "active": 1,
        "class_name": "MyParcelNLAdminSettings",
        "route_name": "myparcelnl_settings",
        "name": {
            "1": "MyParcelNL"
        },
        "module": "myparcelnl",
        "id": 1
    }
}
